---
http_interactions:
- request:
    method: get
    uri: https://ideo-sso-profile-staging.herokuapp.com/api/v1/organizations?filter%5Bclient_id%5D=3695c5fe55ab3db6f9ee25f18c0ef2fe7025eb4717f1a031fd7824a5d8cddbb5&filter%5Bexternal_id%5D=835&page%5Bnumber%5D=1&page%5Bsize%5D=1
    body:
      encoding: US-ASCII
      string: ''
    headers:
      User-Agent:
      - Faraday v0.12.2
      Content-Type:
      - application/vnd.api+json
      Accept:
      - application/vnd.api+json
      Authorization:
      - Bearer eyJ0eXAiOiJKV1QiLCJhbGciOiJSUzUxMiJ9.eyJ0eXBlIjoiYXBwbGljYXRpb24iLCJjbGllbnRfaWQiOiIzNjk1YzVmZTU1YWIzZGI2ZjllZTI1ZjE4YzBlZjJmZTcwMjVlYjQ3MTdmMWEwMzFmZDc4MjRhNWQ4Y2RkYmI1IiwidWlkIjoiMDB1ZXFieGc5ZUFpODBTWjQwaDciLCJleHBpcmVzIjoxNTUzNjMyMjI3fQ.FxfLmkVWB70FBcm9rZ3odahqNjTephdbNhtAWAZ2F6Wk34aZVhdxc8yCXgijIq49p5LTx-6pG09hQARvC7jJLNVPo3N2Ht8QgVurrfStCu3LOEMbOrzgJH7wDp62q1UG8A0JCqooSWlZhWmO_vh9J99Q5nrALmafTej1jL2WYnjpPk6K16PlDrOf14nLjhWx9NWn0hm1BAAHjWTC11H1AXhMrvxiLgHuAqupMOBZZUBKBw6MWBRwfWBCyKaB-dbvbLKj0pHFGuScouzOSDzzr4JJq0l2JgSWbxrcsvevH0UTA3XPrQA5ciDAwNdf0PzhcSOIgN14xv-fcGwE8B2HXQ
      Accept-Encoding:
      - gzip;q=1.0,deflate;q=0.6,identity;q=0.3
  response:
    status:
      code: 200
      message: OK
    headers:
      Server:
      - Cowboy
      Date:
      - Fri, 28 Sep 2018 22:01:57 GMT
      Connection:
      - keep-alive
      X-Frame-Options:
      - SAMEORIGIN
      X-Xss-Protection:
      - 1; mode=block
      X-Content-Type-Options:
      - nosniff
      X-Download-Options:
      - noopen
      X-Permitted-Cross-Domain-Policies:
      - none
      Referrer-Policy:
      - strict-origin-when-cross-origin
      Content-Type:
      - application/vnd.api+json; charset=utf-8
      Etag:
      - W/"9cb0f11ceff0010d135e52d64db2d726"
      Cache-Control:
      - max-age=0, private, must-revalidate
      X-Request-Id:
      - 36100a59-c934-417b-a618-c4c38ac7e47c
      X-Runtime:
      - '0.042926'
      Strict-Transport-Security:
      - max-age=31536000; includeSubDomains
      Vary:
      - Origin
      Transfer-Encoding:
      - chunked
      Via:
      - 1.1 vegur
    body:
      encoding: UTF-8
      string: '{"data":[],"meta":{},"jsonapi":{"version":"1.0"}}'
    http_version: 
  recorded_at: Fri, 28 Sep 2018 22:01:57 GMT
- request:
    method: get
    uri: https://ideo-sso-profile-staging.herokuapp.com/api/v1/organizations?filter%5Bclient_id%5D=3695c5fe55ab3db6f9ee25f18c0ef2fe7025eb4717f1a031fd7824a5d8cddbb5&filter%5Bexternal_id%5D=835&page%5Bnumber%5D=1&page%5Bsize%5D=1
    body:
      encoding: US-ASCII
      string: ''
    headers:
      User-Agent:
      - Faraday v0.12.2
      Content-Type:
      - application/vnd.api+json
      Accept:
      - application/vnd.api+json
      Authorization:
      - Bearer eyJ0eXAiOiJKV1QiLCJhbGciOiJSUzUxMiJ9.eyJ0eXBlIjoiYXBwbGljYXRpb24iLCJjbGllbnRfaWQiOiIzNjk1YzVmZTU1YWIzZGI2ZjllZTI1ZjE4YzBlZjJmZTcwMjVlYjQ3MTdmMWEwMzFmZDc4MjRhNWQ4Y2RkYmI1IiwidWlkIjoiMDB1ZXFieGc5ZUFpODBTWjQwaDciLCJleHBpcmVzIjoxNTUzNjMyMjI3fQ.FxfLmkVWB70FBcm9rZ3odahqNjTephdbNhtAWAZ2F6Wk34aZVhdxc8yCXgijIq49p5LTx-6pG09hQARvC7jJLNVPo3N2Ht8QgVurrfStCu3LOEMbOrzgJH7wDp62q1UG8A0JCqooSWlZhWmO_vh9J99Q5nrALmafTej1jL2WYnjpPk6K16PlDrOf14nLjhWx9NWn0hm1BAAHjWTC11H1AXhMrvxiLgHuAqupMOBZZUBKBw6MWBRwfWBCyKaB-dbvbLKj0pHFGuScouzOSDzzr4JJq0l2JgSWbxrcsvevH0UTA3XPrQA5ciDAwNdf0PzhcSOIgN14xv-fcGwE8B2HXQ
      Accept-Encoding:
      - gzip;q=1.0,deflate;q=0.6,identity;q=0.3
  response:
    status:
      code: 200
      message: OK
    headers:
      Server:
      - Cowboy
      Date:
      - Fri, 28 Sep 2018 22:01:57 GMT
      Connection:
      - keep-alive
      X-Frame-Options:
      - SAMEORIGIN
      X-Xss-Protection:
      - 1; mode=block
      X-Content-Type-Options:
      - nosniff
      X-Download-Options:
      - noopen
      X-Permitted-Cross-Domain-Policies:
      - none
      Referrer-Policy:
      - strict-origin-when-cross-origin
      Content-Type:
      - application/vnd.api+json; charset=utf-8
      Etag:
      - W/"9cb0f11ceff0010d135e52d64db2d726"
      Cache-Control:
      - max-age=0, private, must-revalidate
      X-Request-Id:
      - 1eca6cf9-3d95-4784-9021-19f7f3c7e050
      X-Runtime:
      - '0.027229'
      Strict-Transport-Security:
      - max-age=31536000; includeSubDomains
      Vary:
      - Origin
      Transfer-Encoding:
      - chunked
      Via:
      - 1.1 vegur
    body:
      encoding: UTF-8
      string: '{"data":[],"meta":{},"jsonapi":{"version":"1.0"}}'
    http_version: 
  recorded_at: Fri, 28 Sep 2018 22:01:58 GMT
- request:
    method: get
    uri: https://ideo-sso-profile-staging.herokuapp.com/api/v1/organizations?filter%5Bclient_id%5D=3695c5fe55ab3db6f9ee25f18c0ef2fe7025eb4717f1a031fd7824a5d8cddbb5&filter%5Bexternal_id%5D=835&page%5Bnumber%5D=1&page%5Bsize%5D=1
    body:
      encoding: US-ASCII
      string: ''
    headers:
      User-Agent:
      - Faraday v0.12.2
      Content-Type:
      - application/vnd.api+json
      Accept:
      - application/vnd.api+json
      Authorization:
      - Bearer eyJ0eXAiOiJKV1QiLCJhbGciOiJSUzUxMiJ9.eyJ0eXBlIjoiYXBwbGljYXRpb24iLCJjbGllbnRfaWQiOiIzNjk1YzVmZTU1YWIzZGI2ZjllZTI1ZjE4YzBlZjJmZTcwMjVlYjQ3MTdmMWEwMzFmZDc4MjRhNWQ4Y2RkYmI1IiwidWlkIjoiMDB1ZXFieGc5ZUFpODBTWjQwaDciLCJleHBpcmVzIjoxNTUzNjMyMjI3fQ.FxfLmkVWB70FBcm9rZ3odahqNjTephdbNhtAWAZ2F6Wk34aZVhdxc8yCXgijIq49p5LTx-6pG09hQARvC7jJLNVPo3N2Ht8QgVurrfStCu3LOEMbOrzgJH7wDp62q1UG8A0JCqooSWlZhWmO_vh9J99Q5nrALmafTej1jL2WYnjpPk6K16PlDrOf14nLjhWx9NWn0hm1BAAHjWTC11H1AXhMrvxiLgHuAqupMOBZZUBKBw6MWBRwfWBCyKaB-dbvbLKj0pHFGuScouzOSDzzr4JJq0l2JgSWbxrcsvevH0UTA3XPrQA5ciDAwNdf0PzhcSOIgN14xv-fcGwE8B2HXQ
      Accept-Encoding:
      - gzip;q=1.0,deflate;q=0.6,identity;q=0.3
  response:
    status:
      code: 200
      message: OK
    headers:
      Server:
      - Cowboy
      Date:
      - Fri, 28 Sep 2018 22:01:58 GMT
      Connection:
      - keep-alive
      X-Frame-Options:
      - SAMEORIGIN
      X-Xss-Protection:
      - 1; mode=block
      X-Content-Type-Options:
      - nosniff
      X-Download-Options:
      - noopen
      X-Permitted-Cross-Domain-Policies:
      - none
      Referrer-Policy:
      - strict-origin-when-cross-origin
      Content-Type:
      - application/vnd.api+json; charset=utf-8
      Etag:
      - W/"9cb0f11ceff0010d135e52d64db2d726"
      Cache-Control:
      - max-age=0, private, must-revalidate
      X-Request-Id:
      - 72b6ab9c-eb77-498b-beb8-48d32875bf49
      X-Runtime:
      - '0.020508'
      Strict-Transport-Security:
      - max-age=31536000; includeSubDomains
      Vary:
      - Origin
      Transfer-Encoding:
      - chunked
      Via:
      - 1.1 vegur
    body:
      encoding: UTF-8
      string: '{"data":[],"meta":{},"jsonapi":{"version":"1.0"}}'
    http_version: 
  recorded_at: Fri, 28 Sep 2018 22:01:58 GMT
- request:
    method: post
    uri: https://ideo-sso-profile-staging.herokuapp.com/api/v1/organizations
    body:
      encoding: UTF-8
      string: '{"data":{"type":"organizations","attributes":{"external_id":"835","name":"Robert
        Wyman Organization","admin_user_uid":"4f8f822e1e7996462b25c8cca1459e"}}}'
    headers:
      User-Agent:
      - Faraday v0.12.2
      Content-Type:
      - application/vnd.api+json
      Accept:
      - application/vnd.api+json
      Authorization:
      - Bearer eyJ0eXAiOiJKV1QiLCJhbGciOiJSUzUxMiJ9.eyJ0eXBlIjoiYXBwbGljYXRpb24iLCJjbGllbnRfaWQiOiIzNjk1YzVmZTU1YWIzZGI2ZjllZTI1ZjE4YzBlZjJmZTcwMjVlYjQ3MTdmMWEwMzFmZDc4MjRhNWQ4Y2RkYmI1IiwidWlkIjoiMDB1ZXFieGc5ZUFpODBTWjQwaDciLCJleHBpcmVzIjoxNTUzNjMyMjI3fQ.FxfLmkVWB70FBcm9rZ3odahqNjTephdbNhtAWAZ2F6Wk34aZVhdxc8yCXgijIq49p5LTx-6pG09hQARvC7jJLNVPo3N2Ht8QgVurrfStCu3LOEMbOrzgJH7wDp62q1UG8A0JCqooSWlZhWmO_vh9J99Q5nrALmafTej1jL2WYnjpPk6K16PlDrOf14nLjhWx9NWn0hm1BAAHjWTC11H1AXhMrvxiLgHuAqupMOBZZUBKBw6MWBRwfWBCyKaB-dbvbLKj0pHFGuScouzOSDzzr4JJq0l2JgSWbxrcsvevH0UTA3XPrQA5ciDAwNdf0PzhcSOIgN14xv-fcGwE8B2HXQ
      Accept-Encoding:
      - gzip;q=1.0,deflate;q=0.6,identity;q=0.3
  response:
    status:
      code: 200
      message: OK
    headers:
      Server:
      - Cowboy
      Date:
      - Fri, 28 Sep 2018 22:01:59 GMT
      Connection:
      - keep-alive
      X-Frame-Options:
      - SAMEORIGIN
      X-Xss-Protection:
      - 1; mode=block
      X-Content-Type-Options:
      - nosniff
      X-Download-Options:
      - noopen
      X-Permitted-Cross-Domain-Policies:
      - none
      Referrer-Policy:
      - strict-origin-when-cross-origin
      Content-Type:
      - application/vnd.api+json; charset=utf-8
      Etag:
      - W/"f9f6550d95e9b0ac867a561f8adeb043"
      Cache-Control:
      - max-age=0, private, must-revalidate
      X-Request-Id:
      - d0948bf3-519b-46c9-afc9-32239c67e614
      X-Runtime:
      - '0.040760'
      Strict-Transport-Security:
      - max-age=31536000; includeSubDomains
      Vary:
      - Origin
      Transfer-Encoding:
      - chunked
      Via:
      - 1.1 vegur
    body:
      encoding: UTF-8
      string: '{"data":{"id":"837","type":"organizations","attributes":{"id":837,"name":"Robert
        Wyman Organization"},"relationships":{"applications":{"meta":{"included":false}},"application_organizations":{"meta":{"included":false}}}},"meta":{},"jsonapi":{"version":"1.0"}}'
    http_version: 
  recorded_at: Fri, 28 Sep 2018 22:01:59 GMT
- request:
    method: get
    uri: https://ideo-sso-profile-staging.herokuapp.com/api/v1/organizations?filter%5Bclient_id%5D=3695c5fe55ab3db6f9ee25f18c0ef2fe7025eb4717f1a031fd7824a5d8cddbb5&filter%5Bexternal_id%5D=836&page%5Bnumber%5D=1&page%5Bsize%5D=1
    body:
      encoding: US-ASCII
      string: ''
    headers:
      User-Agent:
      - Faraday v0.12.2
      Content-Type:
      - application/vnd.api+json
      Accept:
      - application/vnd.api+json
      Authorization:
      - Bearer eyJ0eXAiOiJKV1QiLCJhbGciOiJSUzUxMiJ9.eyJ0eXBlIjoiYXBwbGljYXRpb24iLCJjbGllbnRfaWQiOiIzNjk1YzVmZTU1YWIzZGI2ZjllZTI1ZjE4YzBlZjJmZTcwMjVlYjQ3MTdmMWEwMzFmZDc4MjRhNWQ4Y2RkYmI1IiwidWlkIjoiMDB1ZXFieGc5ZUFpODBTWjQwaDciLCJleHBpcmVzIjoxNTUzNjMyMjI3fQ.FxfLmkVWB70FBcm9rZ3odahqNjTephdbNhtAWAZ2F6Wk34aZVhdxc8yCXgijIq49p5LTx-6pG09hQARvC7jJLNVPo3N2Ht8QgVurrfStCu3LOEMbOrzgJH7wDp62q1UG8A0JCqooSWlZhWmO_vh9J99Q5nrALmafTej1jL2WYnjpPk6K16PlDrOf14nLjhWx9NWn0hm1BAAHjWTC11H1AXhMrvxiLgHuAqupMOBZZUBKBw6MWBRwfWBCyKaB-dbvbLKj0pHFGuScouzOSDzzr4JJq0l2JgSWbxrcsvevH0UTA3XPrQA5ciDAwNdf0PzhcSOIgN14xv-fcGwE8B2HXQ
      Accept-Encoding:
      - gzip;q=1.0,deflate;q=0.6,identity;q=0.3
  response:
    status:
      code: 200
      message: OK
    headers:
      Server:
      - Cowboy
      Date:
      - Fri, 28 Sep 2018 22:02:00 GMT
      Connection:
      - keep-alive
      X-Frame-Options:
      - SAMEORIGIN
      X-Xss-Protection:
      - 1; mode=block
      X-Content-Type-Options:
      - nosniff
      X-Download-Options:
      - noopen
      X-Permitted-Cross-Domain-Policies:
      - none
      Referrer-Policy:
      - strict-origin-when-cross-origin
      Content-Type:
      - application/vnd.api+json; charset=utf-8
      Etag:
      - W/"53986281ef25669e71d6b94f1bca9a8f"
      Cache-Control:
      - max-age=0, private, must-revalidate
      X-Request-Id:
      - 1445a4ea-f749-4d4b-acc6-bf578a5b1f4d
      X-Runtime:
      - '0.049257'
      Strict-Transport-Security:
      - max-age=31536000; includeSubDomains
      Vary:
      - Origin
      Transfer-Encoding:
      - chunked
      Via:
      - 1.1 vegur
    body:
      encoding: UTF-8
      string: '{"data":[{"id":"543","type":"organizations","attributes":{"id":543,"name":"Martine
        Collier Organization"},"relationships":{"applications":{"data":[{"type":"applications","id":"17"}]},"application_organizations":{"meta":{"included":false}}}}],"included":[{"id":"17","type":"applications","attributes":{"name":"Shape
        -  development","client_id":"3695c5fe55ab3db6f9ee25f18c0ef2fe7025eb4717f1a031fd7824a5d8cddbb5"}}],"meta":{},"jsonapi":{"version":"1.0"}}'
    http_version: 
  recorded_at: Fri, 28 Sep 2018 22:02:01 GMT
- request:
    method: patch
    uri: https://ideo-sso-profile-staging.herokuapp.com/api/v1/organizations/543
    body:
      encoding: UTF-8
      string: '{"data":{"id":543,"type":"organizations","attributes":{"name":"Dooley
        Group"}}}'
    headers:
      User-Agent:
      - Faraday v0.12.2
      Content-Type:
      - application/vnd.api+json
      Accept:
      - application/vnd.api+json
      Authorization:
      - Bearer eyJ0eXAiOiJKV1QiLCJhbGciOiJSUzUxMiJ9.eyJ0eXBlIjoiYXBwbGljYXRpb24iLCJjbGllbnRfaWQiOiIzNjk1YzVmZTU1YWIzZGI2ZjllZTI1ZjE4YzBlZjJmZTcwMjVlYjQ3MTdmMWEwMzFmZDc4MjRhNWQ4Y2RkYmI1IiwidWlkIjoiMDB1ZXFieGc5ZUFpODBTWjQwaDciLCJleHBpcmVzIjoxNTUzNjMyMjI3fQ.FxfLmkVWB70FBcm9rZ3odahqNjTephdbNhtAWAZ2F6Wk34aZVhdxc8yCXgijIq49p5LTx-6pG09hQARvC7jJLNVPo3N2Ht8QgVurrfStCu3LOEMbOrzgJH7wDp62q1UG8A0JCqooSWlZhWmO_vh9J99Q5nrALmafTej1jL2WYnjpPk6K16PlDrOf14nLjhWx9NWn0hm1BAAHjWTC11H1AXhMrvxiLgHuAqupMOBZZUBKBw6MWBRwfWBCyKaB-dbvbLKj0pHFGuScouzOSDzzr4JJq0l2JgSWbxrcsvevH0UTA3XPrQA5ciDAwNdf0PzhcSOIgN14xv-fcGwE8B2HXQ
      Accept-Encoding:
      - gzip;q=1.0,deflate;q=0.6,identity;q=0.3
  response:
    status:
      code: 200
      message: OK
    headers:
      Server:
      - Cowboy
      Date:
      - Fri, 28 Sep 2018 22:02:00 GMT
      Connection:
      - keep-alive
      X-Frame-Options:
      - SAMEORIGIN
      X-Xss-Protection:
      - 1; mode=block
      X-Content-Type-Options:
      - nosniff
      X-Download-Options:
      - noopen
      X-Permitted-Cross-Domain-Policies:
      - none
      Referrer-Policy:
      - strict-origin-when-cross-origin
      Content-Type:
      - application/vnd.api+json; charset=utf-8
      Etag:
      - W/"526c7fe6c08f5b4183e8b4d8b9589f88"
      Cache-Control:
      - max-age=0, private, must-revalidate
      X-Request-Id:
      - 1dabf479-93e1-48fd-83cd-503de8cea16f
      X-Runtime:
      - '0.017942'
      Strict-Transport-Security:
      - max-age=31536000; includeSubDomains
      Vary:
      - Origin
      Transfer-Encoding:
      - chunked
      Via:
      - 1.1 vegur
    body:
      encoding: UTF-8
      string: '{"data":{"id":"543","type":"organizations","attributes":{"id":543,"name":"Dooley
        Group"},"relationships":{"applications":{"meta":{"included":false}},"application_organizations":{"meta":{"included":false}}}},"meta":{},"jsonapi":{"version":"1.0"}}'
    http_version: 
  recorded_at: Fri, 28 Sep 2018 22:02:01 GMT
recorded_with: VCR 4.0.0
