---
http_interactions:
- request:
    method: get
    uri: https://ideo-sso-profile-staging.herokuapp.com/api/v1/organizations?filter%5Bclient_id%5D=3695c5fe55ab3db6f9ee25f18c0ef2fe7025eb4717f1a031fd7824a5d8cddbb5&filter%5Bexternal_id%5D=139&page%5Bnumber%5D=1&page%5Bsize%5D=1
    body:
      encoding: US-ASCII
      string: ''
    headers:
      User-Agent:
      - Faraday v0.12.2
      Content-Type:
      - application/vnd.api+json
      Accept:
      - application/vnd.api+json
      Authorization:
      - Bearer eyJ0eXAiOiJKV1QiLCJhbGciOiJSUzUxMiJ9.eyJ0eXBlIjoiYXBwbGljYXRpb24iLCJjbGllbnRfaWQiOiIzNjk1YzVmZTU1YWIzZGI2ZjllZTI1ZjE4YzBlZjJmZTcwMjVlYjQ3MTdmMWEwMzFmZDc4MjRhNWQ4Y2RkYmI1IiwidWlkIjoiMDB1ZXFieGc5ZUFpODBTWjQwaDciLCJleHBpcmVzIjoxNTUzNjMyMjI3fQ.FxfLmkVWB70FBcm9rZ3odahqNjTephdbNhtAWAZ2F6Wk34aZVhdxc8yCXgijIq49p5LTx-6pG09hQARvC7jJLNVPo3N2Ht8QgVurrfStCu3LOEMbOrzgJH7wDp62q1UG8A0JCqooSWlZhWmO_vh9J99Q5nrALmafTej1jL2WYnjpPk6K16PlDrOf14nLjhWx9NWn0hm1BAAHjWTC11H1AXhMrvxiLgHuAqupMOBZZUBKBw6MWBRwfWBCyKaB-dbvbLKj0pHFGuScouzOSDzzr4JJq0l2JgSWbxrcsvevH0UTA3XPrQA5ciDAwNdf0PzhcSOIgN14xv-fcGwE8B2HXQ
      Accept-Encoding:
      - gzip;q=1.0,deflate;q=0.6,identity;q=0.3
  response:
    status:
      code: 200
      message: OK
    headers:
      Server:
      - Cowboy
      Date:
      - Fri, 28 Sep 2018 21:52:22 GMT
      Connection:
      - keep-alive
      X-Frame-Options:
      - SAMEORIGIN
      X-Xss-Protection:
      - 1; mode=block
      X-Content-Type-Options:
      - nosniff
      X-Download-Options:
      - noopen
      X-Permitted-Cross-Domain-Policies:
      - none
      Referrer-Policy:
      - strict-origin-when-cross-origin
      Content-Type:
      - application/vnd.api+json; charset=utf-8
      Etag:
      - W/"9cb0f11ceff0010d135e52d64db2d726"
      Cache-Control:
      - max-age=0, private, must-revalidate
      X-Request-Id:
      - 0ef114a3-68f9-460f-aa7c-7038a6c030aa
      X-Runtime:
      - '0.017724'
      Strict-Transport-Security:
      - max-age=31536000; includeSubDomains
      Vary:
      - Origin
      Transfer-Encoding:
      - chunked
      Via:
      - 1.1 vegur
    body:
      encoding: UTF-8
      string: '{"data":[],"meta":{},"jsonapi":{"version":"1.0"}}'
    http_version: 
  recorded_at: Fri, 28 Sep 2018 21:52:24 GMT
- request:
    method: get
    uri: https://ideo-sso-profile-staging.herokuapp.com/api/v1/organizations?filter%5Bclient_id%5D=3695c5fe55ab3db6f9ee25f18c0ef2fe7025eb4717f1a031fd7824a5d8cddbb5&filter%5Bexternal_id%5D=139&page%5Bnumber%5D=1&page%5Bsize%5D=1
    body:
      encoding: US-ASCII
      string: ''
    headers:
      User-Agent:
      - Faraday v0.12.2
      Content-Type:
      - application/vnd.api+json
      Accept:
      - application/vnd.api+json
      Authorization:
      - Bearer eyJ0eXAiOiJKV1QiLCJhbGciOiJSUzUxMiJ9.eyJ0eXBlIjoiYXBwbGljYXRpb24iLCJjbGllbnRfaWQiOiIzNjk1YzVmZTU1YWIzZGI2ZjllZTI1ZjE4YzBlZjJmZTcwMjVlYjQ3MTdmMWEwMzFmZDc4MjRhNWQ4Y2RkYmI1IiwidWlkIjoiMDB1ZXFieGc5ZUFpODBTWjQwaDciLCJleHBpcmVzIjoxNTUzNjMyMjI3fQ.FxfLmkVWB70FBcm9rZ3odahqNjTephdbNhtAWAZ2F6Wk34aZVhdxc8yCXgijIq49p5LTx-6pG09hQARvC7jJLNVPo3N2Ht8QgVurrfStCu3LOEMbOrzgJH7wDp62q1UG8A0JCqooSWlZhWmO_vh9J99Q5nrALmafTej1jL2WYnjpPk6K16PlDrOf14nLjhWx9NWn0hm1BAAHjWTC11H1AXhMrvxiLgHuAqupMOBZZUBKBw6MWBRwfWBCyKaB-dbvbLKj0pHFGuScouzOSDzzr4JJq0l2JgSWbxrcsvevH0UTA3XPrQA5ciDAwNdf0PzhcSOIgN14xv-fcGwE8B2HXQ
      Accept-Encoding:
      - gzip;q=1.0,deflate;q=0.6,identity;q=0.3
  response:
    status:
      code: 200
      message: OK
    headers:
      Server:
      - Cowboy
      Date:
      - Fri, 28 Sep 2018 21:52:23 GMT
      Connection:
      - keep-alive
      X-Frame-Options:
      - SAMEORIGIN
      X-Xss-Protection:
      - 1; mode=block
      X-Content-Type-Options:
      - nosniff
      X-Download-Options:
      - noopen
      X-Permitted-Cross-Domain-Policies:
      - none
      Referrer-Policy:
      - strict-origin-when-cross-origin
      Content-Type:
      - application/vnd.api+json; charset=utf-8
      Etag:
      - W/"9cb0f11ceff0010d135e52d64db2d726"
      Cache-Control:
      - max-age=0, private, must-revalidate
      X-Request-Id:
      - 0d2f9d31-8b68-4bcd-b9a4-cc23048836fe
      X-Runtime:
      - '0.017282'
      Strict-Transport-Security:
      - max-age=31536000; includeSubDomains
      Vary:
      - Origin
      Transfer-Encoding:
      - chunked
      Via:
      - 1.1 vegur
    body:
      encoding: UTF-8
      string: '{"data":[],"meta":{},"jsonapi":{"version":"1.0"}}'
    http_version: 
  recorded_at: Fri, 28 Sep 2018 21:52:24 GMT
- request:
    method: get
    uri: https://ideo-sso-profile-staging.herokuapp.com/api/v1/organizations?filter%5Bclient_id%5D=3695c5fe55ab3db6f9ee25f18c0ef2fe7025eb4717f1a031fd7824a5d8cddbb5&filter%5Bexternal_id%5D=139&page%5Bnumber%5D=1&page%5Bsize%5D=1
    body:
      encoding: US-ASCII
      string: ''
    headers:
      User-Agent:
      - Faraday v0.12.2
      Content-Type:
      - application/vnd.api+json
      Accept:
      - application/vnd.api+json
      Authorization:
      - Bearer eyJ0eXAiOiJKV1QiLCJhbGciOiJSUzUxMiJ9.eyJ0eXBlIjoiYXBwbGljYXRpb24iLCJjbGllbnRfaWQiOiIzNjk1YzVmZTU1YWIzZGI2ZjllZTI1ZjE4YzBlZjJmZTcwMjVlYjQ3MTdmMWEwMzFmZDc4MjRhNWQ4Y2RkYmI1IiwidWlkIjoiMDB1ZXFieGc5ZUFpODBTWjQwaDciLCJleHBpcmVzIjoxNTUzNjMyMjI3fQ.FxfLmkVWB70FBcm9rZ3odahqNjTephdbNhtAWAZ2F6Wk34aZVhdxc8yCXgijIq49p5LTx-6pG09hQARvC7jJLNVPo3N2Ht8QgVurrfStCu3LOEMbOrzgJH7wDp62q1UG8A0JCqooSWlZhWmO_vh9J99Q5nrALmafTej1jL2WYnjpPk6K16PlDrOf14nLjhWx9NWn0hm1BAAHjWTC11H1AXhMrvxiLgHuAqupMOBZZUBKBw6MWBRwfWBCyKaB-dbvbLKj0pHFGuScouzOSDzzr4JJq0l2JgSWbxrcsvevH0UTA3XPrQA5ciDAwNdf0PzhcSOIgN14xv-fcGwE8B2HXQ
      Accept-Encoding:
      - gzip;q=1.0,deflate;q=0.6,identity;q=0.3
  response:
    status:
      code: 200
      message: OK
    headers:
      Server:
      - Cowboy
      Date:
      - Fri, 28 Sep 2018 21:52:25 GMT
      Connection:
      - keep-alive
      X-Frame-Options:
      - SAMEORIGIN
      X-Xss-Protection:
      - 1; mode=block
      X-Content-Type-Options:
      - nosniff
      X-Download-Options:
      - noopen
      X-Permitted-Cross-Domain-Policies:
      - none
      Referrer-Policy:
      - strict-origin-when-cross-origin
      Content-Type:
      - application/vnd.api+json; charset=utf-8
      Etag:
      - W/"9cb0f11ceff0010d135e52d64db2d726"
      Cache-Control:
      - max-age=0, private, must-revalidate
      X-Request-Id:
      - e6ea1634-ddba-4d01-9098-51718cdc0f53
      X-Runtime:
      - '0.019513'
      Strict-Transport-Security:
      - max-age=31536000; includeSubDomains
      Vary:
      - Origin
      Transfer-Encoding:
      - chunked
      Via:
      - 1.1 vegur
    body:
      encoding: UTF-8
      string: '{"data":[],"meta":{},"jsonapi":{"version":"1.0"}}'
    http_version: 
  recorded_at: Fri, 28 Sep 2018 21:52:25 GMT
- request:
    method: post
    uri: https://ideo-sso-profile-staging.herokuapp.com/api/v1/organizations
    body:
      encoding: UTF-8
      string: '{"data":{"type":"organizations","attributes":{"external_id":"139","name":"Reilly
        Bergstrom Organization","admin_user_uid":"71745f47d28b2df18930f09363bda3"}}}'
    headers:
      User-Agent:
      - Faraday v0.12.2
      Content-Type:
      - application/vnd.api+json
      Accept:
      - application/vnd.api+json
      Authorization:
      - Bearer eyJ0eXAiOiJKV1QiLCJhbGciOiJSUzUxMiJ9.eyJ0eXBlIjoiYXBwbGljYXRpb24iLCJjbGllbnRfaWQiOiIzNjk1YzVmZTU1YWIzZGI2ZjllZTI1ZjE4YzBlZjJmZTcwMjVlYjQ3MTdmMWEwMzFmZDc4MjRhNWQ4Y2RkYmI1IiwidWlkIjoiMDB1ZXFieGc5ZUFpODBTWjQwaDciLCJleHBpcmVzIjoxNTUzNjMyMjI3fQ.FxfLmkVWB70FBcm9rZ3odahqNjTephdbNhtAWAZ2F6Wk34aZVhdxc8yCXgijIq49p5LTx-6pG09hQARvC7jJLNVPo3N2Ht8QgVurrfStCu3LOEMbOrzgJH7wDp62q1UG8A0JCqooSWlZhWmO_vh9J99Q5nrALmafTej1jL2WYnjpPk6K16PlDrOf14nLjhWx9NWn0hm1BAAHjWTC11H1AXhMrvxiLgHuAqupMOBZZUBKBw6MWBRwfWBCyKaB-dbvbLKj0pHFGuScouzOSDzzr4JJq0l2JgSWbxrcsvevH0UTA3XPrQA5ciDAwNdf0PzhcSOIgN14xv-fcGwE8B2HXQ
      Accept-Encoding:
      - gzip;q=1.0,deflate;q=0.6,identity;q=0.3
  response:
    status:
      code: 200
      message: OK
    headers:
      Server:
      - Cowboy
      Date:
      - Fri, 28 Sep 2018 21:52:25 GMT
      Connection:
      - keep-alive
      X-Frame-Options:
      - SAMEORIGIN
      X-Xss-Protection:
      - 1; mode=block
      X-Content-Type-Options:
      - nosniff
      X-Download-Options:
      - noopen
      X-Permitted-Cross-Domain-Policies:
      - none
      Referrer-Policy:
      - strict-origin-when-cross-origin
      Content-Type:
      - application/vnd.api+json; charset=utf-8
      Etag:
      - W/"4d2a023553a3dafd360bb9e34cbbfe9b"
      Cache-Control:
      - max-age=0, private, must-revalidate
      X-Request-Id:
      - c2f68ffd-3d33-45c3-936e-81d57d01370b
      X-Runtime:
      - '0.031486'
      Strict-Transport-Security:
      - max-age=31536000; includeSubDomains
      Vary:
      - Origin
      Transfer-Encoding:
      - chunked
      Via:
      - 1.1 vegur
    body:
      encoding: UTF-8
      string: '{"data":{"id":"746","type":"organizations","attributes":{"id":746,"name":"Reilly
        Bergstrom Organization"},"relationships":{"applications":{"meta":{"included":false}},"application_organizations":{"meta":{"included":false}}}},"meta":{},"jsonapi":{"version":"1.0"}}'
    http_version: 
  recorded_at: Fri, 28 Sep 2018 21:52:25 GMT
- request:
    method: get
    uri: https://ideo-sso-profile-staging.herokuapp.com/api/v1/organizations?filter%5Bclient_id%5D=3695c5fe55ab3db6f9ee25f18c0ef2fe7025eb4717f1a031fd7824a5d8cddbb5&filter%5Bexternal_id%5D=140&page%5Bnumber%5D=1&page%5Bsize%5D=1
    body:
      encoding: US-ASCII
      string: ''
    headers:
      User-Agent:
      - Faraday v0.12.2
      Content-Type:
      - application/vnd.api+json
      Accept:
      - application/vnd.api+json
      Authorization:
      - Bearer eyJ0eXAiOiJKV1QiLCJhbGciOiJSUzUxMiJ9.eyJ0eXBlIjoiYXBwbGljYXRpb24iLCJjbGllbnRfaWQiOiIzNjk1YzVmZTU1YWIzZGI2ZjllZTI1ZjE4YzBlZjJmZTcwMjVlYjQ3MTdmMWEwMzFmZDc4MjRhNWQ4Y2RkYmI1IiwidWlkIjoiMDB1ZXFieGc5ZUFpODBTWjQwaDciLCJleHBpcmVzIjoxNTUzNjMyMjI3fQ.FxfLmkVWB70FBcm9rZ3odahqNjTephdbNhtAWAZ2F6Wk34aZVhdxc8yCXgijIq49p5LTx-6pG09hQARvC7jJLNVPo3N2Ht8QgVurrfStCu3LOEMbOrzgJH7wDp62q1UG8A0JCqooSWlZhWmO_vh9J99Q5nrALmafTej1jL2WYnjpPk6K16PlDrOf14nLjhWx9NWn0hm1BAAHjWTC11H1AXhMrvxiLgHuAqupMOBZZUBKBw6MWBRwfWBCyKaB-dbvbLKj0pHFGuScouzOSDzzr4JJq0l2JgSWbxrcsvevH0UTA3XPrQA5ciDAwNdf0PzhcSOIgN14xv-fcGwE8B2HXQ
      Accept-Encoding:
      - gzip;q=1.0,deflate;q=0.6,identity;q=0.3
  response:
    status:
      code: 200
      message: OK
    headers:
      Server:
      - Cowboy
      Date:
      - Fri, 28 Sep 2018 21:52:25 GMT
      Connection:
      - keep-alive
      X-Frame-Options:
      - SAMEORIGIN
      X-Xss-Protection:
      - 1; mode=block
      X-Content-Type-Options:
      - nosniff
      X-Download-Options:
      - noopen
      X-Permitted-Cross-Domain-Policies:
      - none
      Referrer-Policy:
      - strict-origin-when-cross-origin
      Content-Type:
      - application/vnd.api+json; charset=utf-8
      Etag:
      - W/"9cb0f11ceff0010d135e52d64db2d726"
      Cache-Control:
      - max-age=0, private, must-revalidate
      X-Request-Id:
      - d567258c-2f02-4889-bf13-5446322a9edb
      X-Runtime:
      - '0.016495'
      Strict-Transport-Security:
      - max-age=31536000; includeSubDomains
      Vary:
      - Origin
      Transfer-Encoding:
      - chunked
      Via:
      - 1.1 vegur
    body:
      encoding: UTF-8
      string: '{"data":[],"meta":{},"jsonapi":{"version":"1.0"}}'
    http_version: 
  recorded_at: Fri, 28 Sep 2018 21:52:26 GMT
- request:
    method: get
    uri: https://ideo-sso-profile-staging.herokuapp.com/api/v1/organizations?filter%5Bclient_id%5D=3695c5fe55ab3db6f9ee25f18c0ef2fe7025eb4717f1a031fd7824a5d8cddbb5&filter%5Bexternal_id%5D=140&page%5Bnumber%5D=1&page%5Bsize%5D=1
    body:
      encoding: US-ASCII
      string: ''
    headers:
      User-Agent:
      - Faraday v0.12.2
      Content-Type:
      - application/vnd.api+json
      Accept:
      - application/vnd.api+json
      Authorization:
      - Bearer eyJ0eXAiOiJKV1QiLCJhbGciOiJSUzUxMiJ9.eyJ0eXBlIjoiYXBwbGljYXRpb24iLCJjbGllbnRfaWQiOiIzNjk1YzVmZTU1YWIzZGI2ZjllZTI1ZjE4YzBlZjJmZTcwMjVlYjQ3MTdmMWEwMzFmZDc4MjRhNWQ4Y2RkYmI1IiwidWlkIjoiMDB1ZXFieGc5ZUFpODBTWjQwaDciLCJleHBpcmVzIjoxNTUzNjMyMjI3fQ.FxfLmkVWB70FBcm9rZ3odahqNjTephdbNhtAWAZ2F6Wk34aZVhdxc8yCXgijIq49p5LTx-6pG09hQARvC7jJLNVPo3N2Ht8QgVurrfStCu3LOEMbOrzgJH7wDp62q1UG8A0JCqooSWlZhWmO_vh9J99Q5nrALmafTej1jL2WYnjpPk6K16PlDrOf14nLjhWx9NWn0hm1BAAHjWTC11H1AXhMrvxiLgHuAqupMOBZZUBKBw6MWBRwfWBCyKaB-dbvbLKj0pHFGuScouzOSDzzr4JJq0l2JgSWbxrcsvevH0UTA3XPrQA5ciDAwNdf0PzhcSOIgN14xv-fcGwE8B2HXQ
      Accept-Encoding:
      - gzip;q=1.0,deflate;q=0.6,identity;q=0.3
  response:
    status:
      code: 200
      message: OK
    headers:
      Server:
      - Cowboy
      Date:
      - Fri, 28 Sep 2018 21:52:26 GMT
      Connection:
      - keep-alive
      X-Frame-Options:
      - SAMEORIGIN
      X-Xss-Protection:
      - 1; mode=block
      X-Content-Type-Options:
      - nosniff
      X-Download-Options:
      - noopen
      X-Permitted-Cross-Domain-Policies:
      - none
      Referrer-Policy:
      - strict-origin-when-cross-origin
      Content-Type:
      - application/vnd.api+json; charset=utf-8
      Etag:
      - W/"9cb0f11ceff0010d135e52d64db2d726"
      Cache-Control:
      - max-age=0, private, must-revalidate
      X-Request-Id:
      - 865a3040-a342-48a1-be34-1703f80a432d
      X-Runtime:
      - '0.013091'
      Strict-Transport-Security:
      - max-age=31536000; includeSubDomains
      Vary:
      - Origin
      Transfer-Encoding:
      - chunked
      Via:
      - 1.1 vegur
    body:
      encoding: UTF-8
      string: '{"data":[],"meta":{},"jsonapi":{"version":"1.0"}}'
    http_version: 
  recorded_at: Fri, 28 Sep 2018 21:52:27 GMT
- request:
    method: get
    uri: https://ideo-sso-profile-staging.herokuapp.com/api/v1/organizations?filter%5Bclient_id%5D=3695c5fe55ab3db6f9ee25f18c0ef2fe7025eb4717f1a031fd7824a5d8cddbb5&filter%5Bexternal_id%5D=140&page%5Bnumber%5D=1&page%5Bsize%5D=1
    body:
      encoding: US-ASCII
      string: ''
    headers:
      User-Agent:
      - Faraday v0.12.2
      Content-Type:
      - application/vnd.api+json
      Accept:
      - application/vnd.api+json
      Authorization:
      - Bearer eyJ0eXAiOiJKV1QiLCJhbGciOiJSUzUxMiJ9.eyJ0eXBlIjoiYXBwbGljYXRpb24iLCJjbGllbnRfaWQiOiIzNjk1YzVmZTU1YWIzZGI2ZjllZTI1ZjE4YzBlZjJmZTcwMjVlYjQ3MTdmMWEwMzFmZDc4MjRhNWQ4Y2RkYmI1IiwidWlkIjoiMDB1ZXFieGc5ZUFpODBTWjQwaDciLCJleHBpcmVzIjoxNTUzNjMyMjI3fQ.FxfLmkVWB70FBcm9rZ3odahqNjTephdbNhtAWAZ2F6Wk34aZVhdxc8yCXgijIq49p5LTx-6pG09hQARvC7jJLNVPo3N2Ht8QgVurrfStCu3LOEMbOrzgJH7wDp62q1UG8A0JCqooSWlZhWmO_vh9J99Q5nrALmafTej1jL2WYnjpPk6K16PlDrOf14nLjhWx9NWn0hm1BAAHjWTC11H1AXhMrvxiLgHuAqupMOBZZUBKBw6MWBRwfWBCyKaB-dbvbLKj0pHFGuScouzOSDzzr4JJq0l2JgSWbxrcsvevH0UTA3XPrQA5ciDAwNdf0PzhcSOIgN14xv-fcGwE8B2HXQ
      Accept-Encoding:
      - gzip;q=1.0,deflate;q=0.6,identity;q=0.3
  response:
    status:
      code: 200
      message: OK
    headers:
      Server:
      - Cowboy
      Date:
      - Fri, 28 Sep 2018 21:52:27 GMT
      Connection:
      - keep-alive
      X-Frame-Options:
      - SAMEORIGIN
      X-Xss-Protection:
      - 1; mode=block
      X-Content-Type-Options:
      - nosniff
      X-Download-Options:
      - noopen
      X-Permitted-Cross-Domain-Policies:
      - none
      Referrer-Policy:
      - strict-origin-when-cross-origin
      Content-Type:
      - application/vnd.api+json; charset=utf-8
      Etag:
      - W/"9cb0f11ceff0010d135e52d64db2d726"
      Cache-Control:
      - max-age=0, private, must-revalidate
      X-Request-Id:
      - ff562a5f-4a4a-4805-9ce9-776f16af5e14
      X-Runtime:
      - '0.018293'
      Strict-Transport-Security:
      - max-age=31536000; includeSubDomains
      Vary:
      - Origin
      Transfer-Encoding:
      - chunked
      Via:
      - 1.1 vegur
    body:
      encoding: UTF-8
      string: '{"data":[],"meta":{},"jsonapi":{"version":"1.0"}}'
    http_version: 
  recorded_at: Fri, 28 Sep 2018 21:52:27 GMT
- request:
    method: post
    uri: https://ideo-sso-profile-staging.herokuapp.com/api/v1/organizations
    body:
      encoding: UTF-8
      string: '{"data":{"type":"organizations","attributes":{"external_id":"140","name":"IDEO
        U","admin_user_uid":"71745f47d28b2df18930f09363bda3"}}}'
    headers:
      User-Agent:
      - Faraday v0.12.2
      Content-Type:
      - application/vnd.api+json
      Accept:
      - application/vnd.api+json
      Authorization:
      - Bearer eyJ0eXAiOiJKV1QiLCJhbGciOiJSUzUxMiJ9.eyJ0eXBlIjoiYXBwbGljYXRpb24iLCJjbGllbnRfaWQiOiIzNjk1YzVmZTU1YWIzZGI2ZjllZTI1ZjE4YzBlZjJmZTcwMjVlYjQ3MTdmMWEwMzFmZDc4MjRhNWQ4Y2RkYmI1IiwidWlkIjoiMDB1ZXFieGc5ZUFpODBTWjQwaDciLCJleHBpcmVzIjoxNTUzNjMyMjI3fQ.FxfLmkVWB70FBcm9rZ3odahqNjTephdbNhtAWAZ2F6Wk34aZVhdxc8yCXgijIq49p5LTx-6pG09hQARvC7jJLNVPo3N2Ht8QgVurrfStCu3LOEMbOrzgJH7wDp62q1UG8A0JCqooSWlZhWmO_vh9J99Q5nrALmafTej1jL2WYnjpPk6K16PlDrOf14nLjhWx9NWn0hm1BAAHjWTC11H1AXhMrvxiLgHuAqupMOBZZUBKBw6MWBRwfWBCyKaB-dbvbLKj0pHFGuScouzOSDzzr4JJq0l2JgSWbxrcsvevH0UTA3XPrQA5ciDAwNdf0PzhcSOIgN14xv-fcGwE8B2HXQ
      Accept-Encoding:
      - gzip;q=1.0,deflate;q=0.6,identity;q=0.3
  response:
    status:
      code: 200
      message: OK
    headers:
      Server:
      - Cowboy
      Date:
      - Fri, 28 Sep 2018 21:52:28 GMT
      Connection:
      - keep-alive
      X-Frame-Options:
      - SAMEORIGIN
      X-Xss-Protection:
      - 1; mode=block
      X-Content-Type-Options:
      - nosniff
      X-Download-Options:
      - noopen
      X-Permitted-Cross-Domain-Policies:
      - none
      Referrer-Policy:
      - strict-origin-when-cross-origin
      Content-Type:
      - application/vnd.api+json; charset=utf-8
      Etag:
      - W/"4c4e8769fc7a1cf11e4fb10a6b7e3148"
      Cache-Control:
      - max-age=0, private, must-revalidate
      X-Request-Id:
      - 7cb602f7-3c50-4eef-8021-76cdf7d773ec
      X-Runtime:
      - '0.021964'
      Strict-Transport-Security:
      - max-age=31536000; includeSubDomains
      Vary:
      - Origin
      Transfer-Encoding:
      - chunked
      Via:
      - 1.1 vegur
    body:
      encoding: UTF-8
      string: '{"data":{"id":"747","type":"organizations","attributes":{"id":747,"name":"IDEO
        U"},"relationships":{"applications":{"meta":{"included":false}},"application_organizations":{"meta":{"included":false}}}},"meta":{},"jsonapi":{"version":"1.0"}}'
    http_version: 
  recorded_at: Fri, 28 Sep 2018 21:52:28 GMT
recorded_with: VCR 4.0.0
