---
http_interactions:
- request:
    method: get
    uri: https://ideo-sso-profile-staging.herokuapp.com/api/v1/organizations?filter%5Bclient_id%5D=3695c5fe55ab3db6f9ee25f18c0ef2fe7025eb4717f1a031fd7824a5d8cddbb5&filter%5Bexternal_id%5D=276&page%5Bnumber%5D=1&page%5Bsize%5D=1
    body:
      encoding: US-ASCII
      string: ''
    headers:
      User-Agent:
      - Faraday v0.12.2
      Content-Type:
      - application/vnd.api+json
      Accept:
      - application/vnd.api+json
      Authorization:
      - Bearer eyJ0eXAiOiJKV1QiLCJhbGciOiJSUzUxMiJ9.eyJ0eXBlIjoiYXBwbGljYXRpb24iLCJjbGllbnRfaWQiOiIzNjk1YzVmZTU1YWIzZGI2ZjllZTI1ZjE4YzBlZjJmZTcwMjVlYjQ3MTdmMWEwMzFmZDc4MjRhNWQ4Y2RkYmI1IiwidWlkIjoiMDB1ZXFieGc5ZUFpODBTWjQwaDciLCJleHBpcmVzIjoxNTUzNjMyMjI3fQ.FxfLmkVWB70FBcm9rZ3odahqNjTephdbNhtAWAZ2F6Wk34aZVhdxc8yCXgijIq49p5LTx-6pG09hQARvC7jJLNVPo3N2Ht8QgVurrfStCu3LOEMbOrzgJH7wDp62q1UG8A0JCqooSWlZhWmO_vh9J99Q5nrALmafTej1jL2WYnjpPk6K16PlDrOf14nLjhWx9NWn0hm1BAAHjWTC11H1AXhMrvxiLgHuAqupMOBZZUBKBw6MWBRwfWBCyKaB-dbvbLKj0pHFGuScouzOSDzzr4JJq0l2JgSWbxrcsvevH0UTA3XPrQA5ciDAwNdf0PzhcSOIgN14xv-fcGwE8B2HXQ
      Accept-Encoding:
      - gzip;q=1.0,deflate;q=0.6,identity;q=0.3
  response:
    status:
      code: 200
      message: OK
    headers:
      Server:
      - Cowboy
      Date:
      - Fri, 28 Sep 2018 21:53:59 GMT
      Connection:
      - keep-alive
      X-Frame-Options:
      - SAMEORIGIN
      X-Xss-Protection:
      - 1; mode=block
      X-Content-Type-Options:
      - nosniff
      X-Download-Options:
      - noopen
      X-Permitted-Cross-Domain-Policies:
      - none
      Referrer-Policy:
      - strict-origin-when-cross-origin
      Content-Type:
      - application/vnd.api+json; charset=utf-8
      Etag:
      - W/"7584087f13ea1d42ed256fbe57104df5"
      Cache-Control:
      - max-age=0, private, must-revalidate
      X-Request-Id:
      - 9aefb008-52af-4a6a-aa43-4e08c8a7a42d
      X-Runtime:
      - '0.020753'
      Strict-Transport-Security:
      - max-age=31536000; includeSubDomains
      Vary:
      - Origin
      Transfer-Encoding:
      - chunked
      Via:
      - 1.1 vegur
    body:
      encoding: UTF-8
      string: '{"data":[{"id":"612","type":"organizations","attributes":{"id":612,"name":"William
        Hand Organization"},"relationships":{"applications":{"data":[{"type":"applications","id":"17"}]},"application_organizations":{"meta":{"included":false}}}}],"included":[{"id":"17","type":"applications","attributes":{"name":"Shape
        -  development","client_id":"3695c5fe55ab3db6f9ee25f18c0ef2fe7025eb4717f1a031fd7824a5d8cddbb5"}}],"meta":{},"jsonapi":{"version":"1.0"}}'
    http_version: 
  recorded_at: Fri, 28 Sep 2018 21:54:00 GMT
- request:
    method: patch
    uri: https://ideo-sso-profile-staging.herokuapp.com/api/v1/organizations/612
    body:
      encoding: UTF-8
      string: '{"data":{"id":612,"type":"organizations","attributes":{"name":"Donny
        Keeling Organization"}}}'
    headers:
      User-Agent:
      - Faraday v0.12.2
      Content-Type:
      - application/vnd.api+json
      Accept:
      - application/vnd.api+json
      Authorization:
      - Bearer eyJ0eXAiOiJKV1QiLCJhbGciOiJSUzUxMiJ9.eyJ0eXBlIjoiYXBwbGljYXRpb24iLCJjbGllbnRfaWQiOiIzNjk1YzVmZTU1YWIzZGI2ZjllZTI1ZjE4YzBlZjJmZTcwMjVlYjQ3MTdmMWEwMzFmZDc4MjRhNWQ4Y2RkYmI1IiwidWlkIjoiMDB1ZXFieGc5ZUFpODBTWjQwaDciLCJleHBpcmVzIjoxNTUzNjMyMjI3fQ.FxfLmkVWB70FBcm9rZ3odahqNjTephdbNhtAWAZ2F6Wk34aZVhdxc8yCXgijIq49p5LTx-6pG09hQARvC7jJLNVPo3N2Ht8QgVurrfStCu3LOEMbOrzgJH7wDp62q1UG8A0JCqooSWlZhWmO_vh9J99Q5nrALmafTej1jL2WYnjpPk6K16PlDrOf14nLjhWx9NWn0hm1BAAHjWTC11H1AXhMrvxiLgHuAqupMOBZZUBKBw6MWBRwfWBCyKaB-dbvbLKj0pHFGuScouzOSDzzr4JJq0l2JgSWbxrcsvevH0UTA3XPrQA5ciDAwNdf0PzhcSOIgN14xv-fcGwE8B2HXQ
      Accept-Encoding:
      - gzip;q=1.0,deflate;q=0.6,identity;q=0.3
  response:
    status:
      code: 200
      message: OK
    headers:
      Server:
      - Cowboy
      Date:
      - Fri, 28 Sep 2018 21:54:00 GMT
      Connection:
      - keep-alive
      X-Frame-Options:
      - SAMEORIGIN
      X-Xss-Protection:
      - 1; mode=block
      X-Content-Type-Options:
      - nosniff
      X-Download-Options:
      - noopen
      X-Permitted-Cross-Domain-Policies:
      - none
      Referrer-Policy:
      - strict-origin-when-cross-origin
      Content-Type:
      - application/vnd.api+json; charset=utf-8
      Etag:
      - W/"5c2c7979914c3a9a9c04c63f874d8201"
      Cache-Control:
      - max-age=0, private, must-revalidate
      X-Request-Id:
      - 7ca7a500-f90e-4bff-9c95-c4aa7e2b07ce
      X-Runtime:
      - '0.026404'
      Strict-Transport-Security:
      - max-age=31536000; includeSubDomains
      Vary:
      - Origin
      Transfer-Encoding:
      - chunked
      Via:
      - 1.1 vegur
    body:
      encoding: UTF-8
      string: '{"data":{"id":"612","type":"organizations","attributes":{"id":612,"name":"Donny
        Keeling Organization"},"relationships":{"applications":{"meta":{"included":false}},"application_organizations":{"meta":{"included":false}}}},"meta":{},"jsonapi":{"version":"1.0"}}'
    http_version: 
  recorded_at: Fri, 28 Sep 2018 21:54:01 GMT
- request:
    method: patch
    uri: https://ideo-sso-profile-staging.herokuapp.com/api/v1/organizations/612
    body:
      encoding: UTF-8
      string: '{"data":{"id":612,"type":"organizations","attributes":{}}}'
    headers:
      User-Agent:
      - Faraday v0.12.2
      Content-Type:
      - application/vnd.api+json
      Accept:
      - application/vnd.api+json
      Authorization:
      - Bearer eyJ0eXAiOiJKV1QiLCJhbGciOiJSUzUxMiJ9.eyJ0eXBlIjoiYXBwbGljYXRpb24iLCJjbGllbnRfaWQiOiIzNjk1YzVmZTU1YWIzZGI2ZjllZTI1ZjE4YzBlZjJmZTcwMjVlYjQ3MTdmMWEwMzFmZDc4MjRhNWQ4Y2RkYmI1IiwidWlkIjoiMDB1ZXFieGc5ZUFpODBTWjQwaDciLCJleHBpcmVzIjoxNTUzNjMyMjI3fQ.FxfLmkVWB70FBcm9rZ3odahqNjTephdbNhtAWAZ2F6Wk34aZVhdxc8yCXgijIq49p5LTx-6pG09hQARvC7jJLNVPo3N2Ht8QgVurrfStCu3LOEMbOrzgJH7wDp62q1UG8A0JCqooSWlZhWmO_vh9J99Q5nrALmafTej1jL2WYnjpPk6K16PlDrOf14nLjhWx9NWn0hm1BAAHjWTC11H1AXhMrvxiLgHuAqupMOBZZUBKBw6MWBRwfWBCyKaB-dbvbLKj0pHFGuScouzOSDzzr4JJq0l2JgSWbxrcsvevH0UTA3XPrQA5ciDAwNdf0PzhcSOIgN14xv-fcGwE8B2HXQ
      Accept-Encoding:
      - gzip;q=1.0,deflate;q=0.6,identity;q=0.3
  response:
    status:
      code: 200
      message: OK
    headers:
      Server:
      - Cowboy
      Date:
      - Fri, 28 Sep 2018 21:54:01 GMT
      Connection:
      - keep-alive
      X-Frame-Options:
      - SAMEORIGIN
      X-Xss-Protection:
      - 1; mode=block
      X-Content-Type-Options:
      - nosniff
      X-Download-Options:
      - noopen
      X-Permitted-Cross-Domain-Policies:
      - none
      Referrer-Policy:
      - strict-origin-when-cross-origin
      Content-Type:
      - application/vnd.api+json; charset=utf-8
      Etag:
      - W/"5c2c7979914c3a9a9c04c63f874d8201"
      Cache-Control:
      - max-age=0, private, must-revalidate
      X-Request-Id:
      - 9ef36d35-c550-40be-b41d-01266255f27d
      X-Runtime:
      - '0.023642'
      Strict-Transport-Security:
      - max-age=31536000; includeSubDomains
      Vary:
      - Origin
      Transfer-Encoding:
      - chunked
      Via:
      - 1.1 vegur
    body:
      encoding: UTF-8
      string: '{"data":{"id":"612","type":"organizations","attributes":{"id":612,"name":"Donny
        Keeling Organization"},"relationships":{"applications":{"meta":{"included":false}},"application_organizations":{"meta":{"included":false}}}},"meta":{},"jsonapi":{"version":"1.0"}}'
    http_version: 
  recorded_at: Fri, 28 Sep 2018 21:54:01 GMT
- request:
    method: patch
    uri: https://ideo-sso-profile-staging.herokuapp.com/api/v1/organizations/612
    body:
      encoding: UTF-8
      string: '{"data":{"id":612,"type":"organizations","attributes":{}}}'
    headers:
      User-Agent:
      - Faraday v0.12.2
      Content-Type:
      - application/vnd.api+json
      Accept:
      - application/vnd.api+json
      Authorization:
      - Bearer eyJ0eXAiOiJKV1QiLCJhbGciOiJSUzUxMiJ9.eyJ0eXBlIjoiYXBwbGljYXRpb24iLCJjbGllbnRfaWQiOiIzNjk1YzVmZTU1YWIzZGI2ZjllZTI1ZjE4YzBlZjJmZTcwMjVlYjQ3MTdmMWEwMzFmZDc4MjRhNWQ4Y2RkYmI1IiwidWlkIjoiMDB1ZXFieGc5ZUFpODBTWjQwaDciLCJleHBpcmVzIjoxNTUzNjMyMjI3fQ.FxfLmkVWB70FBcm9rZ3odahqNjTephdbNhtAWAZ2F6Wk34aZVhdxc8yCXgijIq49p5LTx-6pG09hQARvC7jJLNVPo3N2Ht8QgVurrfStCu3LOEMbOrzgJH7wDp62q1UG8A0JCqooSWlZhWmO_vh9J99Q5nrALmafTej1jL2WYnjpPk6K16PlDrOf14nLjhWx9NWn0hm1BAAHjWTC11H1AXhMrvxiLgHuAqupMOBZZUBKBw6MWBRwfWBCyKaB-dbvbLKj0pHFGuScouzOSDzzr4JJq0l2JgSWbxrcsvevH0UTA3XPrQA5ciDAwNdf0PzhcSOIgN14xv-fcGwE8B2HXQ
      Accept-Encoding:
      - gzip;q=1.0,deflate;q=0.6,identity;q=0.3
  response:
    status:
      code: 200
      message: OK
    headers:
      Server:
      - Cowboy
      Date:
      - Fri, 28 Sep 2018 21:54:02 GMT
      Connection:
      - keep-alive
      X-Frame-Options:
      - SAMEORIGIN
      X-Xss-Protection:
      - 1; mode=block
      X-Content-Type-Options:
      - nosniff
      X-Download-Options:
      - noopen
      X-Permitted-Cross-Domain-Policies:
      - none
      Referrer-Policy:
      - strict-origin-when-cross-origin
      Content-Type:
      - application/vnd.api+json; charset=utf-8
      Etag:
      - W/"5c2c7979914c3a9a9c04c63f874d8201"
      Cache-Control:
      - max-age=0, private, must-revalidate
      X-Request-Id:
      - 8f13715f-c0e3-46fd-a1c7-1f8578feef81
      X-Runtime:
      - '0.015658'
      Strict-Transport-Security:
      - max-age=31536000; includeSubDomains
      Vary:
      - Origin
      Transfer-Encoding:
      - chunked
      Via:
      - 1.1 vegur
    body:
      encoding: UTF-8
      string: '{"data":{"id":"612","type":"organizations","attributes":{"id":612,"name":"Donny
        Keeling Organization"},"relationships":{"applications":{"meta":{"included":false}},"application_organizations":{"meta":{"included":false}}}},"meta":{},"jsonapi":{"version":"1.0"}}'
    http_version: 
  recorded_at: Fri, 28 Sep 2018 21:54:02 GMT
- request:
    method: post
    uri: https://ideo-sso-profile-staging.herokuapp.com/api/v1/organizations
    body:
      encoding: UTF-8
      string: '{"data":{"type":"organizations","attributes":{"external_id":"276","name":"Donny
        Keeling Organization","admin_user_uid":"7668b34d6fa14c420006bbc3a44275"}}}'
    headers:
      User-Agent:
      - Faraday v0.12.2
      Content-Type:
      - application/vnd.api+json
      Accept:
      - application/vnd.api+json
      Authorization:
      - Bearer eyJ0eXAiOiJKV1QiLCJhbGciOiJSUzUxMiJ9.eyJ0eXBlIjoiYXBwbGljYXRpb24iLCJjbGllbnRfaWQiOiIzNjk1YzVmZTU1YWIzZGI2ZjllZTI1ZjE4YzBlZjJmZTcwMjVlYjQ3MTdmMWEwMzFmZDc4MjRhNWQ4Y2RkYmI1IiwidWlkIjoiMDB1ZXFieGc5ZUFpODBTWjQwaDciLCJleHBpcmVzIjoxNTUzNjMyMjI3fQ.FxfLmkVWB70FBcm9rZ3odahqNjTephdbNhtAWAZ2F6Wk34aZVhdxc8yCXgijIq49p5LTx-6pG09hQARvC7jJLNVPo3N2Ht8QgVurrfStCu3LOEMbOrzgJH7wDp62q1UG8A0JCqooSWlZhWmO_vh9J99Q5nrALmafTej1jL2WYnjpPk6K16PlDrOf14nLjhWx9NWn0hm1BAAHjWTC11H1AXhMrvxiLgHuAqupMOBZZUBKBw6MWBRwfWBCyKaB-dbvbLKj0pHFGuScouzOSDzzr4JJq0l2JgSWbxrcsvevH0UTA3XPrQA5ciDAwNdf0PzhcSOIgN14xv-fcGwE8B2HXQ
      Accept-Encoding:
      - gzip;q=1.0,deflate;q=0.6,identity;q=0.3
  response:
    status:
      code: 200
      message: OK
    headers:
      Server:
      - Cowboy
      Date:
      - Fri, 28 Sep 2018 21:54:02 GMT
      Connection:
      - keep-alive
      X-Frame-Options:
      - SAMEORIGIN
      X-Xss-Protection:
      - 1; mode=block
      X-Content-Type-Options:
      - nosniff
      X-Download-Options:
      - noopen
      X-Permitted-Cross-Domain-Policies:
      - none
      Referrer-Policy:
      - strict-origin-when-cross-origin
      Content-Type:
      - application/vnd.api+json; charset=utf-8
      Etag:
      - W/"5c2c7979914c3a9a9c04c63f874d8201"
      Cache-Control:
      - max-age=0, private, must-revalidate
      X-Request-Id:
      - 27b7e429-e3bd-4e83-bb28-dcf396ffca8d
      X-Runtime:
      - '0.018725'
      Strict-Transport-Security:
      - max-age=31536000; includeSubDomains
      Vary:
      - Origin
      Transfer-Encoding:
      - chunked
      Via:
      - 1.1 vegur
    body:
      encoding: UTF-8
      string: '{"data":{"id":"612","type":"organizations","attributes":{"id":612,"name":"Donny
        Keeling Organization"},"relationships":{"applications":{"meta":{"included":false}},"application_organizations":{"meta":{"included":false}}}},"meta":{},"jsonapi":{"version":"1.0"}}'
    http_version: 
  recorded_at: Fri, 28 Sep 2018 21:54:03 GMT
recorded_with: VCR 4.0.0
