---
http_interactions:
- request:
    method: get
    uri: https://ideo-sso-profile-staging.herokuapp.com/api/v1/organizations?filter%5Bclient_id%5D=3695c5fe55ab3db6f9ee25f18c0ef2fe7025eb4717f1a031fd7824a5d8cddbb5&filter%5Bexternal_id%5D=158&page%5Bnumber%5D=1&page%5Bsize%5D=1
    body:
      encoding: US-ASCII
      string: ''
    headers:
      User-Agent:
      - Faraday v0.12.2
      Content-Type:
      - application/vnd.api+json
      Accept:
      - application/vnd.api+json
      Authorization:
      - Bearer eyJ0eXAiOiJKV1QiLCJhbGciOiJSUzUxMiJ9.eyJ0eXBlIjoiYXBwbGljYXRpb24iLCJjbGllbnRfaWQiOiIzNjk1YzVmZTU1YWIzZGI2ZjllZTI1ZjE4YzBlZjJmZTcwMjVlYjQ3MTdmMWEwMzFmZDc4MjRhNWQ4Y2RkYmI1IiwidWlkIjoiMDB1ZXFieGc5ZUFpODBTWjQwaDciLCJleHBpcmVzIjoxNTUzNjMyMjI3fQ.FxfLmkVWB70FBcm9rZ3odahqNjTephdbNhtAWAZ2F6Wk34aZVhdxc8yCXgijIq49p5LTx-6pG09hQARvC7jJLNVPo3N2Ht8QgVurrfStCu3LOEMbOrzgJH7wDp62q1UG8A0JCqooSWlZhWmO_vh9J99Q5nrALmafTej1jL2WYnjpPk6K16PlDrOf14nLjhWx9NWn0hm1BAAHjWTC11H1AXhMrvxiLgHuAqupMOBZZUBKBw6MWBRwfWBCyKaB-dbvbLKj0pHFGuScouzOSDzzr4JJq0l2JgSWbxrcsvevH0UTA3XPrQA5ciDAwNdf0PzhcSOIgN14xv-fcGwE8B2HXQ
      Accept-Encoding:
      - gzip;q=1.0,deflate;q=0.6,identity;q=0.3
  response:
    status:
      code: 200
      message: OK
    headers:
      Server:
      - Cowboy
      Date:
      - Fri, 28 Sep 2018 21:53:01 GMT
      Connection:
      - keep-alive
      X-Frame-Options:
      - SAMEORIGIN
      X-Xss-Protection:
      - 1; mode=block
      X-Content-Type-Options:
      - nosniff
      X-Download-Options:
      - noopen
      X-Permitted-Cross-Domain-Policies:
      - none
      Referrer-Policy:
      - strict-origin-when-cross-origin
      Content-Type:
      - application/vnd.api+json; charset=utf-8
      Etag:
      - W/"9cb0f11ceff0010d135e52d64db2d726"
      Cache-Control:
      - max-age=0, private, must-revalidate
      X-Request-Id:
      - 6083b538-d50e-4ae3-8c72-dd78c9e877ff
      X-Runtime:
      - '0.013009'
      Strict-Transport-Security:
      - max-age=31536000; includeSubDomains
      Vary:
      - Origin
      Transfer-Encoding:
      - chunked
      Via:
      - 1.1 vegur
    body:
      encoding: UTF-8
      string: '{"data":[],"meta":{},"jsonapi":{"version":"1.0"}}'
    http_version: 
  recorded_at: Fri, 28 Sep 2018 21:53:02 GMT
- request:
    method: get
    uri: https://ideo-sso-profile-staging.herokuapp.com/api/v1/organizations?filter%5Bclient_id%5D=3695c5fe55ab3db6f9ee25f18c0ef2fe7025eb4717f1a031fd7824a5d8cddbb5&filter%5Bexternal_id%5D=158&page%5Bnumber%5D=1&page%5Bsize%5D=1
    body:
      encoding: US-ASCII
      string: ''
    headers:
      User-Agent:
      - Faraday v0.12.2
      Content-Type:
      - application/vnd.api+json
      Accept:
      - application/vnd.api+json
      Authorization:
      - Bearer eyJ0eXAiOiJKV1QiLCJhbGciOiJSUzUxMiJ9.eyJ0eXBlIjoiYXBwbGljYXRpb24iLCJjbGllbnRfaWQiOiIzNjk1YzVmZTU1YWIzZGI2ZjllZTI1ZjE4YzBlZjJmZTcwMjVlYjQ3MTdmMWEwMzFmZDc4MjRhNWQ4Y2RkYmI1IiwidWlkIjoiMDB1ZXFieGc5ZUFpODBTWjQwaDciLCJleHBpcmVzIjoxNTUzNjMyMjI3fQ.FxfLmkVWB70FBcm9rZ3odahqNjTephdbNhtAWAZ2F6Wk34aZVhdxc8yCXgijIq49p5LTx-6pG09hQARvC7jJLNVPo3N2Ht8QgVurrfStCu3LOEMbOrzgJH7wDp62q1UG8A0JCqooSWlZhWmO_vh9J99Q5nrALmafTej1jL2WYnjpPk6K16PlDrOf14nLjhWx9NWn0hm1BAAHjWTC11H1AXhMrvxiLgHuAqupMOBZZUBKBw6MWBRwfWBCyKaB-dbvbLKj0pHFGuScouzOSDzzr4JJq0l2JgSWbxrcsvevH0UTA3XPrQA5ciDAwNdf0PzhcSOIgN14xv-fcGwE8B2HXQ
      Accept-Encoding:
      - gzip;q=1.0,deflate;q=0.6,identity;q=0.3
  response:
    status:
      code: 200
      message: OK
    headers:
      Server:
      - Cowboy
      Date:
      - Fri, 28 Sep 2018 21:53:02 GMT
      Connection:
      - keep-alive
      X-Frame-Options:
      - SAMEORIGIN
      X-Xss-Protection:
      - 1; mode=block
      X-Content-Type-Options:
      - nosniff
      X-Download-Options:
      - noopen
      X-Permitted-Cross-Domain-Policies:
      - none
      Referrer-Policy:
      - strict-origin-when-cross-origin
      Content-Type:
      - application/vnd.api+json; charset=utf-8
      Etag:
      - W/"9cb0f11ceff0010d135e52d64db2d726"
      Cache-Control:
      - max-age=0, private, must-revalidate
      X-Request-Id:
      - 43b37c6f-1131-4d6d-8887-f2d558cea68c
      X-Runtime:
      - '0.012734'
      Strict-Transport-Security:
      - max-age=31536000; includeSubDomains
      Vary:
      - Origin
      Transfer-Encoding:
      - chunked
      Via:
      - 1.1 vegur
    body:
      encoding: UTF-8
      string: '{"data":[],"meta":{},"jsonapi":{"version":"1.0"}}'
    http_version: 
  recorded_at: Fri, 28 Sep 2018 21:53:02 GMT
- request:
    method: get
    uri: https://ideo-sso-profile-staging.herokuapp.com/api/v1/organizations?filter%5Bclient_id%5D=3695c5fe55ab3db6f9ee25f18c0ef2fe7025eb4717f1a031fd7824a5d8cddbb5&filter%5Bexternal_id%5D=158&page%5Bnumber%5D=1&page%5Bsize%5D=1
    body:
      encoding: US-ASCII
      string: ''
    headers:
      User-Agent:
      - Faraday v0.12.2
      Content-Type:
      - application/vnd.api+json
      Accept:
      - application/vnd.api+json
      Authorization:
      - Bearer eyJ0eXAiOiJKV1QiLCJhbGciOiJSUzUxMiJ9.eyJ0eXBlIjoiYXBwbGljYXRpb24iLCJjbGllbnRfaWQiOiIzNjk1YzVmZTU1YWIzZGI2ZjllZTI1ZjE4YzBlZjJmZTcwMjVlYjQ3MTdmMWEwMzFmZDc4MjRhNWQ4Y2RkYmI1IiwidWlkIjoiMDB1ZXFieGc5ZUFpODBTWjQwaDciLCJleHBpcmVzIjoxNTUzNjMyMjI3fQ.FxfLmkVWB70FBcm9rZ3odahqNjTephdbNhtAWAZ2F6Wk34aZVhdxc8yCXgijIq49p5LTx-6pG09hQARvC7jJLNVPo3N2Ht8QgVurrfStCu3LOEMbOrzgJH7wDp62q1UG8A0JCqooSWlZhWmO_vh9J99Q5nrALmafTej1jL2WYnjpPk6K16PlDrOf14nLjhWx9NWn0hm1BAAHjWTC11H1AXhMrvxiLgHuAqupMOBZZUBKBw6MWBRwfWBCyKaB-dbvbLKj0pHFGuScouzOSDzzr4JJq0l2JgSWbxrcsvevH0UTA3XPrQA5ciDAwNdf0PzhcSOIgN14xv-fcGwE8B2HXQ
      Accept-Encoding:
      - gzip;q=1.0,deflate;q=0.6,identity;q=0.3
  response:
    status:
      code: 200
      message: OK
    headers:
      Server:
      - Cowboy
      Date:
      - Fri, 28 Sep 2018 21:53:02 GMT
      Connection:
      - keep-alive
      X-Frame-Options:
      - SAMEORIGIN
      X-Xss-Protection:
      - 1; mode=block
      X-Content-Type-Options:
      - nosniff
      X-Download-Options:
      - noopen
      X-Permitted-Cross-Domain-Policies:
      - none
      Referrer-Policy:
      - strict-origin-when-cross-origin
      Content-Type:
      - application/vnd.api+json; charset=utf-8
      Etag:
      - W/"9cb0f11ceff0010d135e52d64db2d726"
      Cache-Control:
      - max-age=0, private, must-revalidate
      X-Request-Id:
      - 0fb934f0-a480-4460-ad02-cfdb753c92f3
      X-Runtime:
      - '0.012412'
      Strict-Transport-Security:
      - max-age=31536000; includeSubDomains
      Vary:
      - Origin
      Transfer-Encoding:
      - chunked
      Via:
      - 1.1 vegur
    body:
      encoding: UTF-8
      string: '{"data":[],"meta":{},"jsonapi":{"version":"1.0"}}'
    http_version: 
  recorded_at: Fri, 28 Sep 2018 21:53:03 GMT
- request:
    method: post
    uri: https://ideo-sso-profile-staging.herokuapp.com/api/v1/organizations
    body:
      encoding: UTF-8
      string: '{"data":{"type":"organizations","attributes":{"external_id":"158","name":"Franz
        Auer Organization","admin_user_uid":"e927f79d4fb1ecf514d1e94772d780"}}}'
    headers:
      User-Agent:
      - Faraday v0.12.2
      Content-Type:
      - application/vnd.api+json
      Accept:
      - application/vnd.api+json
      Authorization:
      - Bearer eyJ0eXAiOiJKV1QiLCJhbGciOiJSUzUxMiJ9.eyJ0eXBlIjoiYXBwbGljYXRpb24iLCJjbGllbnRfaWQiOiIzNjk1YzVmZTU1YWIzZGI2ZjllZTI1ZjE4YzBlZjJmZTcwMjVlYjQ3MTdmMWEwMzFmZDc4MjRhNWQ4Y2RkYmI1IiwidWlkIjoiMDB1ZXFieGc5ZUFpODBTWjQwaDciLCJleHBpcmVzIjoxNTUzNjMyMjI3fQ.FxfLmkVWB70FBcm9rZ3odahqNjTephdbNhtAWAZ2F6Wk34aZVhdxc8yCXgijIq49p5LTx-6pG09hQARvC7jJLNVPo3N2Ht8QgVurrfStCu3LOEMbOrzgJH7wDp62q1UG8A0JCqooSWlZhWmO_vh9J99Q5nrALmafTej1jL2WYnjpPk6K16PlDrOf14nLjhWx9NWn0hm1BAAHjWTC11H1AXhMrvxiLgHuAqupMOBZZUBKBw6MWBRwfWBCyKaB-dbvbLKj0pHFGuScouzOSDzzr4JJq0l2JgSWbxrcsvevH0UTA3XPrQA5ciDAwNdf0PzhcSOIgN14xv-fcGwE8B2HXQ
      Accept-Encoding:
      - gzip;q=1.0,deflate;q=0.6,identity;q=0.3
  response:
    status:
      code: 200
      message: OK
    headers:
      Server:
      - Cowboy
      Date:
      - Fri, 28 Sep 2018 21:53:04 GMT
      Connection:
      - keep-alive
      X-Frame-Options:
      - SAMEORIGIN
      X-Xss-Protection:
      - 1; mode=block
      X-Content-Type-Options:
      - nosniff
      X-Download-Options:
      - noopen
      X-Permitted-Cross-Domain-Policies:
      - none
      Referrer-Policy:
      - strict-origin-when-cross-origin
      Content-Type:
      - application/vnd.api+json; charset=utf-8
      Etag:
      - W/"ffc88487fb4cc1e15ab9ef18373a605f"
      Cache-Control:
      - max-age=0, private, must-revalidate
      X-Request-Id:
      - 8d21ebe6-7edc-4f30-a797-24d3b751d5d5
      X-Runtime:
      - '0.022555'
      Strict-Transport-Security:
      - max-age=31536000; includeSubDomains
      Vary:
      - Origin
      Transfer-Encoding:
      - chunked
      Via:
      - 1.1 vegur
    body:
      encoding: UTF-8
      string: '{"data":{"id":"757","type":"organizations","attributes":{"id":757,"name":"Franz
        Auer Organization"},"relationships":{"applications":{"meta":{"included":false}},"application_organizations":{"meta":{"included":false}}}},"meta":{},"jsonapi":{"version":"1.0"}}'
    http_version: 
  recorded_at: Fri, 28 Sep 2018 21:53:04 GMT
recorded_with: VCR 4.0.0
