---
http_interactions:
- request:
    method: get
    uri: https://ideo-sso-profile-staging.herokuapp.com/api/v1/organizations?filter%5Bclient_id%5D=3695c5fe55ab3db6f9ee25f18c0ef2fe7025eb4717f1a031fd7824a5d8cddbb5&filter%5Bexternal_id%5D=12&page%5Bnumber%5D=1&page%5Bsize%5D=1
    body:
      encoding: US-ASCII
      string: ''
    headers:
      User-Agent:
      - Faraday v0.12.2
      Content-Type:
      - application/vnd.api+json
      Accept:
      - application/vnd.api+json
      Authorization:
      - Bearer eyJ0eXAiOiJKV1QiLCJhbGciOiJSUzUxMiJ9.eyJ0eXBlIjoiYXBwbGljYXRpb24iLCJjbGllbnRfaWQiOiIzNjk1YzVmZTU1YWIzZGI2ZjllZTI1ZjE4YzBlZjJmZTcwMjVlYjQ3MTdmMWEwMzFmZDc4MjRhNWQ4Y2RkYmI1IiwidWlkIjoiMDB1ZXFieGc5ZUFpODBTWjQwaDciLCJleHBpcmVzIjoxNTUzNjMyMjI3fQ.FxfLmkVWB70FBcm9rZ3odahqNjTephdbNhtAWAZ2F6Wk34aZVhdxc8yCXgijIq49p5LTx-6pG09hQARvC7jJLNVPo3N2Ht8QgVurrfStCu3LOEMbOrzgJH7wDp62q1UG8A0JCqooSWlZhWmO_vh9J99Q5nrALmafTej1jL2WYnjpPk6K16PlDrOf14nLjhWx9NWn0hm1BAAHjWTC11H1AXhMrvxiLgHuAqupMOBZZUBKBw6MWBRwfWBCyKaB-dbvbLKj0pHFGuScouzOSDzzr4JJq0l2JgSWbxrcsvevH0UTA3XPrQA5ciDAwNdf0PzhcSOIgN14xv-fcGwE8B2HXQ
      Accept-Encoding:
      - gzip;q=1.0,deflate;q=0.6,identity;q=0.3
  response:
    status:
      code: 200
      message: OK
    headers:
      Server:
      - Cowboy
      Date:
      - Fri, 28 Sep 2018 21:43:11 GMT
      Connection:
      - keep-alive
      X-Frame-Options:
      - SAMEORIGIN
      X-Xss-Protection:
      - 1; mode=block
      X-Content-Type-Options:
      - nosniff
      X-Download-Options:
      - noopen
      X-Permitted-Cross-Domain-Policies:
      - none
      Referrer-Policy:
      - strict-origin-when-cross-origin
      Content-Type:
      - application/vnd.api+json; charset=utf-8
      Etag:
      - W/"9cb0f11ceff0010d135e52d64db2d726"
      Cache-Control:
      - max-age=0, private, must-revalidate
      X-Request-Id:
      - 033d6682-c1e5-4031-8b07-ccfd5326730f
      X-Runtime:
      - '0.023295'
      Strict-Transport-Security:
      - max-age=31536000; includeSubDomains
      Vary:
      - Origin
      Transfer-Encoding:
      - chunked
      Via:
      - 1.1 vegur
    body:
      encoding: UTF-8
      string: '{"data":[],"meta":{},"jsonapi":{"version":"1.0"}}'
    http_version: 
  recorded_at: Fri, 28 Sep 2018 21:43:11 GMT
- request:
    method: get
    uri: https://ideo-sso-profile-staging.herokuapp.com/api/v1/organizations?filter%5Bclient_id%5D=3695c5fe55ab3db6f9ee25f18c0ef2fe7025eb4717f1a031fd7824a5d8cddbb5&filter%5Bexternal_id%5D=12&page%5Bnumber%5D=1&page%5Bsize%5D=1
    body:
      encoding: US-ASCII
      string: ''
    headers:
      User-Agent:
      - Faraday v0.12.2
      Content-Type:
      - application/vnd.api+json
      Accept:
      - application/vnd.api+json
      Authorization:
      - Bearer eyJ0eXAiOiJKV1QiLCJhbGciOiJSUzUxMiJ9.eyJ0eXBlIjoiYXBwbGljYXRpb24iLCJjbGllbnRfaWQiOiIzNjk1YzVmZTU1YWIzZGI2ZjllZTI1ZjE4YzBlZjJmZTcwMjVlYjQ3MTdmMWEwMzFmZDc4MjRhNWQ4Y2RkYmI1IiwidWlkIjoiMDB1ZXFieGc5ZUFpODBTWjQwaDciLCJleHBpcmVzIjoxNTUzNjMyMjI3fQ.FxfLmkVWB70FBcm9rZ3odahqNjTephdbNhtAWAZ2F6Wk34aZVhdxc8yCXgijIq49p5LTx-6pG09hQARvC7jJLNVPo3N2Ht8QgVurrfStCu3LOEMbOrzgJH7wDp62q1UG8A0JCqooSWlZhWmO_vh9J99Q5nrALmafTej1jL2WYnjpPk6K16PlDrOf14nLjhWx9NWn0hm1BAAHjWTC11H1AXhMrvxiLgHuAqupMOBZZUBKBw6MWBRwfWBCyKaB-dbvbLKj0pHFGuScouzOSDzzr4JJq0l2JgSWbxrcsvevH0UTA3XPrQA5ciDAwNdf0PzhcSOIgN14xv-fcGwE8B2HXQ
      Accept-Encoding:
      - gzip;q=1.0,deflate;q=0.6,identity;q=0.3
  response:
    status:
      code: 200
      message: OK
    headers:
      Server:
      - Cowboy
      Date:
      - Fri, 28 Sep 2018 21:43:12 GMT
      Connection:
      - keep-alive
      X-Frame-Options:
      - SAMEORIGIN
      X-Xss-Protection:
      - 1; mode=block
      X-Content-Type-Options:
      - nosniff
      X-Download-Options:
      - noopen
      X-Permitted-Cross-Domain-Policies:
      - none
      Referrer-Policy:
      - strict-origin-when-cross-origin
      Content-Type:
      - application/vnd.api+json; charset=utf-8
      Etag:
      - W/"9cb0f11ceff0010d135e52d64db2d726"
      Cache-Control:
      - max-age=0, private, must-revalidate
      X-Request-Id:
      - 22d5bd02-fe0c-42ce-817e-b80057fc613e
      X-Runtime:
      - '0.021330'
      Strict-Transport-Security:
      - max-age=31536000; includeSubDomains
      Vary:
      - Origin
      Transfer-Encoding:
      - chunked
      Via:
      - 1.1 vegur
    body:
      encoding: UTF-8
      string: '{"data":[],"meta":{},"jsonapi":{"version":"1.0"}}'
    http_version: 
  recorded_at: Fri, 28 Sep 2018 21:43:12 GMT
- request:
    method: get
    uri: https://ideo-sso-profile-staging.herokuapp.com/api/v1/organizations?filter%5Bclient_id%5D=3695c5fe55ab3db6f9ee25f18c0ef2fe7025eb4717f1a031fd7824a5d8cddbb5&filter%5Bexternal_id%5D=12&page%5Bnumber%5D=1&page%5Bsize%5D=1
    body:
      encoding: US-ASCII
      string: ''
    headers:
      User-Agent:
      - Faraday v0.12.2
      Content-Type:
      - application/vnd.api+json
      Accept:
      - application/vnd.api+json
      Authorization:
      - Bearer eyJ0eXAiOiJKV1QiLCJhbGciOiJSUzUxMiJ9.eyJ0eXBlIjoiYXBwbGljYXRpb24iLCJjbGllbnRfaWQiOiIzNjk1YzVmZTU1YWIzZGI2ZjllZTI1ZjE4YzBlZjJmZTcwMjVlYjQ3MTdmMWEwMzFmZDc4MjRhNWQ4Y2RkYmI1IiwidWlkIjoiMDB1ZXFieGc5ZUFpODBTWjQwaDciLCJleHBpcmVzIjoxNTUzNjMyMjI3fQ.FxfLmkVWB70FBcm9rZ3odahqNjTephdbNhtAWAZ2F6Wk34aZVhdxc8yCXgijIq49p5LTx-6pG09hQARvC7jJLNVPo3N2Ht8QgVurrfStCu3LOEMbOrzgJH7wDp62q1UG8A0JCqooSWlZhWmO_vh9J99Q5nrALmafTej1jL2WYnjpPk6K16PlDrOf14nLjhWx9NWn0hm1BAAHjWTC11H1AXhMrvxiLgHuAqupMOBZZUBKBw6MWBRwfWBCyKaB-dbvbLKj0pHFGuScouzOSDzzr4JJq0l2JgSWbxrcsvevH0UTA3XPrQA5ciDAwNdf0PzhcSOIgN14xv-fcGwE8B2HXQ
      Accept-Encoding:
      - gzip;q=1.0,deflate;q=0.6,identity;q=0.3
  response:
    status:
      code: 200
      message: OK
    headers:
      Server:
      - Cowboy
      Date:
      - Fri, 28 Sep 2018 21:43:12 GMT
      Connection:
      - keep-alive
      X-Frame-Options:
      - SAMEORIGIN
      X-Xss-Protection:
      - 1; mode=block
      X-Content-Type-Options:
      - nosniff
      X-Download-Options:
      - noopen
      X-Permitted-Cross-Domain-Policies:
      - none
      Referrer-Policy:
      - strict-origin-when-cross-origin
      Content-Type:
      - application/vnd.api+json; charset=utf-8
      Etag:
      - W/"9cb0f11ceff0010d135e52d64db2d726"
      Cache-Control:
      - max-age=0, private, must-revalidate
      X-Request-Id:
      - 971799b6-54ab-40b8-b85b-f4e61e82d601
      X-Runtime:
      - '0.021228'
      Strict-Transport-Security:
      - max-age=31536000; includeSubDomains
      Vary:
      - Origin
      Transfer-Encoding:
      - chunked
      Via:
      - 1.1 vegur
    body:
      encoding: UTF-8
      string: '{"data":[],"meta":{},"jsonapi":{"version":"1.0"}}'
    http_version: 
  recorded_at: Fri, 28 Sep 2018 21:43:13 GMT
- request:
    method: post
    uri: https://ideo-sso-profile-staging.herokuapp.com/api/v1/organizations
    body:
      encoding: UTF-8
      string: '{"data":{"type":"organizations","attributes":{"external_id":"12","name":"Catherine
        Heidenreich Organization","admin_user_uid":"09389aa7cd5fce153b7e45d29a4e37"}}}'
    headers:
      User-Agent:
      - Faraday v0.12.2
      Content-Type:
      - application/vnd.api+json
      Accept:
      - application/vnd.api+json
      Authorization:
      - Bearer eyJ0eXAiOiJKV1QiLCJhbGciOiJSUzUxMiJ9.eyJ0eXBlIjoiYXBwbGljYXRpb24iLCJjbGllbnRfaWQiOiIzNjk1YzVmZTU1YWIzZGI2ZjllZTI1ZjE4YzBlZjJmZTcwMjVlYjQ3MTdmMWEwMzFmZDc4MjRhNWQ4Y2RkYmI1IiwidWlkIjoiMDB1ZXFieGc5ZUFpODBTWjQwaDciLCJleHBpcmVzIjoxNTUzNjMyMjI3fQ.FxfLmkVWB70FBcm9rZ3odahqNjTephdbNhtAWAZ2F6Wk34aZVhdxc8yCXgijIq49p5LTx-6pG09hQARvC7jJLNVPo3N2Ht8QgVurrfStCu3LOEMbOrzgJH7wDp62q1UG8A0JCqooSWlZhWmO_vh9J99Q5nrALmafTej1jL2WYnjpPk6K16PlDrOf14nLjhWx9NWn0hm1BAAHjWTC11H1AXhMrvxiLgHuAqupMOBZZUBKBw6MWBRwfWBCyKaB-dbvbLKj0pHFGuScouzOSDzzr4JJq0l2JgSWbxrcsvevH0UTA3XPrQA5ciDAwNdf0PzhcSOIgN14xv-fcGwE8B2HXQ
      Accept-Encoding:
      - gzip;q=1.0,deflate;q=0.6,identity;q=0.3
  response:
    status:
      code: 200
      message: OK
    headers:
      Server:
      - Cowboy
      Date:
      - Fri, 28 Sep 2018 21:43:13 GMT
      Connection:
      - keep-alive
      X-Frame-Options:
      - SAMEORIGIN
      X-Xss-Protection:
      - 1; mode=block
      X-Content-Type-Options:
      - nosniff
      X-Download-Options:
      - noopen
      X-Permitted-Cross-Domain-Policies:
      - none
      Referrer-Policy:
      - strict-origin-when-cross-origin
      Content-Type:
      - application/vnd.api+json; charset=utf-8
      Etag:
      - W/"96386a90674ddb73731b64aa6eefabec"
      Cache-Control:
      - max-age=0, private, must-revalidate
      X-Request-Id:
      - 1b4164e6-0769-4aa6-9970-d9633c387127
      X-Runtime:
      - '0.084182'
      Strict-Transport-Security:
      - max-age=31536000; includeSubDomains
      Vary:
      - Origin
      Transfer-Encoding:
      - chunked
      Via:
      - 1.1 vegur
    body:
      encoding: UTF-8
      string: '{"data":{"id":"729","type":"organizations","attributes":{"id":729,"name":"Catherine
        Heidenreich Organization"},"relationships":{"applications":{"meta":{"included":false}},"application_organizations":{"meta":{"included":false}}}},"meta":{},"jsonapi":{"version":"1.0"}}'
    http_version: 
  recorded_at: Fri, 28 Sep 2018 21:43:13 GMT
recorded_with: VCR 4.0.0
